---
source: tui/src/streaming/mermaid_tests.rs
expression: "stages.join(\"\\n\\n---\\n\\n\")"
---
Before.

╭─ mermaid  ⎘ ╮

---

Before.

╭─ mermaid ───────────── ⎘ ╮
│ flowchart LR             │
│ A[Request] --> B[Reply]  │

---

Before.

╭─ mermaid ──────────── ⎘ ╮
│ ┌─────────┐  ┌───────┐  │
│ │ Request │  │ Reply │  │
│ └┬────────┘  └┬──────┘  │
│  │            ▲         │
│  │            │         │
│  │            │         │
│  │            │         │
│  └────────────┘         │
╰─────────────────────────╯

---

Before.

╭─ mermaid ──────────── ⎘ ╮
│ ┌─────────┐  ┌───────┐  │
│ │ Request │  │ Reply │  │
│ └┬────────┘  └┬──────┘  │
│  │            ▲         │
│  │            │         │
│  │            │         │
│  │            │         │
│  └────────────┘         │
╰─────────────────────────╯

After.

---

Before.

╭─ mermaid · ⎘
│ This
│ Mermai
│ d
│ diagra
│ m
│ doesn'
│ t fit
│ the
│ curren
│ t
│ termin
│ al
│ width.
│ flowch
│ art LR
│ A[Requ
│ est] -
│ -> B[R
│ eply]
╰─

After.

---

Before.

```mermaid
flowchart LR
A[Request] --> B[Reply]
```

After.

---

Before.

╭─ mermaid ──────────── ⎘ ╮
│ ┌─────────┐  ┌───────┐  │
│ │ Request │  │ Reply │  │
│ └┬────────┘  └┬──────┘  │
│  │            ▲         │
│  │            │         │
│  │            │         │
│  │            │         │
│  └────────────┘         │
╰─────────────────────────╯

After.
