---
source: tui/src/streaming/mermaid_tests.rs
expression: "stages.join(\"\\n\\n---\\n\\n\")"
---
Before.

╭─ mermaid ───────────────────────────────────────────────── copy · /copy-code ╮

---

Before.

╭─ mermaid ───────────────────────────────────────────────── copy · /copy-code ╮
│ flowchart LR                                                                 │
│ A[Request] --> B[Reply]                                                      │

---

Before.

╭─ mermaid ───────────────────────────────────────────────── copy · /copy-code ╮
│ ┌─────────┐  ┌───────┐                                                       │
│ │ Request │  │ Reply │                                                       │
│ └┬────────┘  └┬──────┘                                                       │
│  │            ▲                                                              │
│  │            │                                                              │
│  │            │                                                              │
│  │            │                                                              │
│  └────────────┘                                                              │
╰──────────────────────────────────────────────────────────────────────────────╯

---

Before.

╭─ mermaid ───────────────────────────────────────────────── copy · /copy-code ╮
│ ┌─────────┐  ┌───────┐                                                       │
│ │ Request │  │ Reply │                                                       │
│ └┬────────┘  └┬──────┘                                                       │
│  │            ▲                                                              │
│  │            │                                                              │
│  │            │                                                              │
│  │            │                                                              │
│  └────────────┘                                                              │
╰──────────────────────────────────────────────────────────────────────────────╯

After.

---

Before.

╭─ mermaid · /copy-code
│ flowch
│ art LR
│ A[Requ
│ est] -
│ -> B[R
│ eply]
╰─

After.

---

Before.

```mermaid
flowchart LR
A[Request] --> B[Reply]
```

After.

---

Before.

╭─ mermaid ───────────────────────────────────────────────── copy · /copy-code ╮
│ ┌─────────┐  ┌───────┐                                                       │
│ │ Request │  │ Reply │                                                       │
│ └┬────────┘  └┬──────┘                                                       │
│  │            ▲                                                              │
│  │            │                                                              │
│  │            │                                                              │
│  │            │                                                              │
│  └────────────┘                                                              │
╰──────────────────────────────────────────────────────────────────────────────╯

After.
