---
source: tui/src/markdown_render_tests.rs
expression: text.lines
---
[
    Line::from_iter([
        Span::from("╭─ ").bg(Color::Rgb(48, 48, 48)).dim(),
        Span::from("csharp").bg(Color::Rgb(48, 48, 48)).bold(),
        Span::from(" ").bg(Color::Rgb(48, 48, 48)).dim(),
        Span::from("────────────────────────────────────────────────────────────────────────────────────────────").bg(Color::Rgb(48, 48, 48)).dim(),
        Span::from(" ⎘ ╮").bg(Color::Rgb(48, 48, 48)).dim(),
    ]).bg(Color::Rgb(48, 48, 48)),
    Line::from_iter([
        Span::from("│ ").bg(Color::Rgb(48, 48, 48)).dim(),
        Span::from("var").fg(Color::Rgb(203, 166, 247)).bg(Color::Rgb(48, 48, 48)),
        Span::from(" ").fg(Color::Rgb(205, 214, 244)).bg(Color::Rgb(48, 48, 48)),
        Span::from("response").fg(Color::Rgb(205, 214, 244)).bg(Color::Rgb(48, 48, 48)),
        Span::from(" ").fg(Color::Rgb(205, 214, 244)).bg(Color::Rgb(48, 48, 48)),
        Span::from("=").fg(Color::Rgb(148, 226, 213)).bg(Color::Rgb(48, 48, 48)),
        Span::from(" ").fg(Color::Rgb(205, 214, 244)).bg(Color::Rgb(48, 48, 48)),
        Span::from("await").fg(Color::Rgb(203, 166, 247)).bg(Color::Rgb(48, 48, 48)),
        Span::from(" ").fg(Color::Rgb(205, 214, 244)).bg(Color::Rgb(48, 48, 48)),
        Span::from("cashflows").fg(Color::Rgb(205, 214, 244)).bg(Color::Rgb(48, 48, 48)),
        Span::from(".").fg(Color::Rgb(148, 226, 213)).bg(Color::Rgb(48, 48, 48)),
        Span::from("RetrieveCashflowsAsync").fg(Color::Rgb(137, 180, 250)).bg(Color::Rgb(48, 48, 48)),
        Span::from("(").fg(Color::Rgb(147, 153, 178)).bg(Color::Rgb(48, 48, 48)),
        Span::from("                                                 ").bg(Color::Rgb(48, 48, 48)),
        Span::from("│").bg(Color::Rgb(48, 48, 48)).dim(),
    ]).bg(Color::Rgb(48, 48, 48)),
    Line::from_iter([
        Span::from("│ ").bg(Color::Rgb(48, 48, 48)).dim(),
        Span::from("    ").fg(Color::Rgb(205, 214, 244)).bg(Color::Rgb(48, 48, 48)),
        Span::from("new").fg(Color::Rgb(203, 166, 247)).bg(Color::Rgb(48, 48, 48)),
        Span::from(" ").fg(Color::Rgb(205, 214, 244)).bg(Color::Rgb(48, 48, 48)),
        Span::from("RetrieveCashflowsV2Request").fg(Color::Rgb(249, 226, 175)).bg(Color::Rgb(48, 48, 48)),
        Span::from("                                                                     ").bg(Color::Rgb(48, 48, 48)),
        Span::from("│").bg(Color::Rgb(48, 48, 48)).dim(),
    ]).bg(Color::Rgb(48, 48, 48)),
    Line::from_iter([
        Span::from("│ ").bg(Color::Rgb(48, 48, 48)).dim(),
        Span::from("    ").fg(Color::Rgb(205, 214, 244)).bg(Color::Rgb(48, 48, 48)),
        Span::from("{").fg(Color::Rgb(147, 153, 178)).bg(Color::Rgb(48, 48, 48)),
        Span::from("                                                                                                  ").bg(Color::Rgb(48, 48, 48)),
        Span::from("│").bg(Color::Rgb(48, 48, 48)).dim(),
    ]).bg(Color::Rgb(48, 48, 48)),
    Line::from_iter([
        Span::from("│ ").bg(Color::Rgb(48, 48, 48)).dim(),
        Span::from("        ").fg(Color::Rgb(205, 214, 244)).bg(Color::Rgb(48, 48, 48)),
        Span::from("FinancialInstrumentId").fg(Color::Rgb(205, 214, 244)).bg(Color::Rgb(48, 48, 48)),
        Span::from(" ").fg(Color::Rgb(205, 214, 244)).bg(Color::Rgb(48, 48, 48)),
        Span::from("=").fg(Color::Rgb(148, 226, 213)).bg(Color::Rgb(48, 48, 48)),
        Span::from(" ").fg(Color::Rgb(205, 214, 244)).bg(Color::Rgb(48, 48, 48)),
        Span::from("financialInstrumentId").fg(Color::Rgb(205, 214, 244)).bg(Color::Rgb(48, 48, 48)),
        Span::from(",").fg(Color::Rgb(147, 153, 178)).bg(Color::Rgb(48, 48, 48)),
        Span::from("                                                 ").bg(Color::Rgb(48, 48, 48)),
        Span::from("│").bg(Color::Rgb(48, 48, 48)).dim(),
    ]).bg(Color::Rgb(48, 48, 48)),
    Line::from_iter([
        Span::from("│ ").bg(Color::Rgb(48, 48, 48)).dim(),
        Span::from("    ").fg(Color::Rgb(205, 214, 244)).bg(Color::Rgb(48, 48, 48)),
        Span::from("}").fg(Color::Rgb(147, 153, 178)).bg(Color::Rgb(48, 48, 48)),
        Span::from(",").fg(Color::Rgb(147, 153, 178)).bg(Color::Rgb(48, 48, 48)),
        Span::from("                                                                                                 ").bg(Color::Rgb(48, 48, 48)),
        Span::from("│").bg(Color::Rgb(48, 48, 48)).dim(),
    ]).bg(Color::Rgb(48, 48, 48)),
    Line::from_iter([
        Span::from("│ ").bg(Color::Rgb(48, 48, 48)).dim(),
        Span::from("    ").fg(Color::Rgb(205, 214, 244)).bg(Color::Rgb(48, 48, 48)),
        Span::from("cancellationToken").fg(Color::Rgb(205, 214, 244)).bg(Color::Rgb(48, 48, 48)),
        Span::from("                                                                                  ").bg(Color::Rgb(48, 48, 48)),
        Span::from("│").bg(Color::Rgb(48, 48, 48)).dim(),
    ]).bg(Color::Rgb(48, 48, 48)),
    Line::from_iter([
        Span::from("│ ").bg(Color::Rgb(48, 48, 48)).dim(),
        Span::from(")").fg(Color::Rgb(147, 153, 178)).bg(Color::Rgb(48, 48, 48)),
        Span::from(";").fg(Color::Rgb(147, 153, 178)).bg(Color::Rgb(48, 48, 48)),
        Span::from("                                                                                                     ").bg(Color::Rgb(48, 48, 48)),
        Span::from("│").bg(Color::Rgb(48, 48, 48)).dim(),
    ]).bg(Color::Rgb(48, 48, 48)),
    Line::from(Span::from("╰────────────────────────────────────────────────────────────────────────────────────────────────────────╯").bg(Color::Rgb(48, 48, 48)).dim()),
]
