---
source: tui/src/markdown_render_tests.rs
expression: text.lines
---
[
    Line::from_iter([
        Span::from("╭─ ").dim(),
        Span::from("rust").bold(),
        Span::from(" · ").dim(),
        Span::from("alt+y copy").dim(),
    ]),
    Line::from_iter([
        Span::from("│ ").dim(),
        Span::from("fn").fg(Color::Rgb(203, 166, 247)),
        Span::from(" ").fg(Color::Rgb(205, 214, 244)),
        Span::from("main").fg(Color::Rgb(137, 180, 250)),
        Span::from("(").fg(Color::Rgb(147, 153, 178)),
        Span::from(")").fg(Color::Rgb(147, 153, 178)),
        Span::from(" ").fg(Color::Rgb(205, 214, 244)),
        Span::from("{").fg(Color::Rgb(147, 153, 178)),
        Span::from("}").fg(Color::Rgb(147, 153, 178)),
    ]),
    Line::from(Span::from("╰─").dim()),
]
