---
source: tui/src/custom_terminal/tests/cursor_tests.rs
expression: "frames.join(\"\\n\")"
---
\u{1b}[?25l\u{1b}[1;1Hx\u{1b}[m\u{1b}[m\u{1b}[0m\u{1b}[1;1H\u{1b}[0 q\u{1b}[1;1Hx\u{1b}[m\u{1b}[m\u{1b}[0m\u{1b}[1;1H\u{1b}[?25h
\u{1b}[m\u{1b}[m\u{1b}[0m\u{1b}[1;1H\u{1b}[?25h
\u{1b}[m\u{1b}[m\u{1b}[0m\u{1b}[1;1H\u{1b}[?25h
