---
source: tui/src/chatwidget/tests/exec_flow.rs
expression: active_blob(&chat)
---
• Ran cat first.txt
  └ (no output)
• Ran cat missing.txt
  └ (no output)
• Ran cat later.txt
  └ (no output)
• Ran rg absent .
  └ (no output)
• Ran rg text missing.txt
  └ (no output)
• Ran cat existing.txt && rg absent .
  └ (no output)
