---
source: tui/src/chatwidget/tests/history_projection.rs
expression: "format!(\"compact:\\n{}\\ndetailed:\\n{}\",\nlines_to_single_string(&exploration.display_lines(40)),\nlines_to_single_string(&exploration.transcript_lines(40)),)"
---
compact:
• Ran cat one.rs
  └ fn main() {}
• Ran cat two.rs
  └ fn main() {}

detailed:
$ cat one.rs
fn main() {}
✓ • 5ms

$ cat two.rs
fn main() {}
✓ • 5ms
