---
source: tui/src/markdown_render/mermaid_tests.rs
expression: output
---
╭─ mermaid ───────────────────────────────────────────────────────────────────── copy · /copy-code ╮
│ ┌──────────────────┐  ┌──────────────────┐  ┌───────────────────┐                                │
│ │ Your saved order │  │ Review & confirm │  │ DoorDash checkout │                                │
│ └┬─────────────────┘  └┬─┬───────────────┘  └┬──────────────────┘                                │
│  │                     ▲ │                   ▲                                                   │
│  │                     │ │                   │                                                   │
│  │                     │ │                   │                                                   │
│  │                     │ │                   │                                                   │
│  └─────────────────────┘ │                   │                                                   │
│                          │                   │                                                   │
│                          └───────────────────┘                                                   │
╰──────────────────────────────────────────────────────────────────────────────────────────────────╯
