---
source: tui/src/markdown_render/mermaid_tests.rs
expression: "markdown_text(source, 60)"
---
│ ╭─ mermaid ─────────────────────────── copy · /copy-code ╮
│ │ ┌─────────┐                                            │
│ │ │ 请求    │                                            │
│ │ │         ├─────┐                                      │
│ │ └─────────┘     │                                      │
│ │                 │                                      │
│ │                 │                                      │
│ │ ┌─────────┐     │                                      │
│ │ │ Réponse │     │                                      │
│ │ │         ├◄────┘                                      │
│ │ └─────────┘                                            │
│ ╰────────────────────────────────────────────────────────╯

- Diagram:

  ╭─ mermaid ─────────────────────────── copy · /copy-code ╮
  │ ┌───┐  ┌───┐                                           │
  │ │ A │  │ B │                                           │
  │ └┬──┘  └┬──┘                                           │
  │  │      ▲                                              │
  │  │      │                                              │
  │  │      │                                              │
  │  │      │                                              │
  │  └──────┘                                              │
  ╰────────────────────────────────────────────────────────╯
