---
source: tui/src/markdown_render/mermaid_tests.rs
expression: "cases.join(\"\\n\\n---\\n\\n\")"
---
invalid
╭─ mermaid ─────────────────────────────────────────────────────────────── ⎘ ╮
│ This Mermaid diagram uses features the terminal renderer doesn't support.  │
│ flowchart LR                                                               │
│ A[unfinished                                                               │
╰────────────────────────────────────────────────────────────────────────────╯

---

unsupported
╭─ mermaid ─────────────────────────────────────────────────────────────── ⎘ ╮
│ This Mermaid diagram uses features the terminal renderer doesn't support.  │
│ pie                                                                        │
│ "Cats": 2                                                                  │
╰────────────────────────────────────────────────────────────────────────────╯

---

unsupported shape after supported edges
╭─ mermaid ─────────────────────────────────────────────────────────────── ⎘ ╮
│ This Mermaid diagram uses features the terminal renderer doesn't support.  │
│ flowchart TD                                                               │
│ P --> Q                                                                    │
│ A[(Database)]                                                              │
╰────────────────────────────────────────────────────────────────────────────╯

---

Markdown string after supported edges
╭─ mermaid ─────────────────────────────────────────────────────────────── ⎘ ╮
│ This Mermaid diagram uses features the terminal renderer doesn't support.  │
│ flowchart TD                                                               │
│ P --> Q                                                                    │
│ A["`hello **world**`"]                                                     │
╰────────────────────────────────────────────────────────────────────────────╯

---

too wide
╭─ mermaid · ⎘
│ This
│ Mermai
│ d
│ diagra
│ m
│ doesn'
│ t fit
│ the
│ curren
│ t
│ termin
│ al
│ width.
│ flowch
│ art LR
│ A[Requ
│ est] -
│ -> B[R
│ eply]
╰─

---

limit
╭─ mermaid ─────────────────────────────────────────────────────── ⎘ ╮
│ This Mermaid diagram exceeds the terminal renderer's size limits.  │
│ flowchart TD                                                       │
│ A[This label exceeds the forty column limit]                       │
╰────────────────────────────────────────────────────────────────────╯
